Pavle@DESKTOP-8PDMTTS MINGW64 ~
$ mkdir SI_2024_lab1_183065

Pavle@DESKTOP-8PDMTTS MINGW64 ~
$ cd SI_2024_lab1_183065

Pavle@DESKTOP-8PDMTTS MINGW64 ~/SI_2024_lab1_183065
$ git init
Initialized empty Git repository in C:/Users/Pavle/SI_2024_lab1_183065/.git/

Pavle@DESKTOP-8PDMTTS MINGW64 ~/SI_2024_lab1_183065 (master)
$ ^C

Pavle@DESKTOP-8PDMTTS MINGW64 ~/SI_2024_lab1_183065 (master)
$ ^C

Pavle@DESKTOP-8PDMTTS MINGW64 ~/SI_2024_lab1_183065 (master)
$ ^C

Pavle@DESKTOP-8PDMTTS MINGW64 ~/SI_2024_lab1_183065 (master)
$ ^C

Pavle@DESKTOP-8PDMTTS MINGW64 ~/SI_2024_lab1_183065 (master)
$ git remote add origin https://github.com/pavlestojanovski/SI_2024_lab1_183065.git

Pavle@DESKTOP-8PDMTTS MINGW64 ~/SI_2024_lab1_183065 (master)
$ git remote -v
origin  https://github.com/pavlestojanovski/SI_2024_lab1_183065.git (fetch)
origin  https://github.com/pavlestojanovski/SI_2024_lab1_183065.git (push)

Pavle@DESKTOP-8PDMTTS MINGW64 ~/SI_2024_lab1_183065 (master)
$ notepad README.md

Pavle@DESKTOP-8PDMTTS MINGW64 ~/SI_2024_lab1_183065 (master)
$ git add README.md

Pavle@DESKTOP-8PDMTTS MINGW64 ~/SI_2024_lab1_183065 (master)
$ git commit -m "Initial commit"
[master (root-commit) 9864cdb] Initial commit
 1 file changed, 1 insertion(+)
 create mode 100644 README.md

Pavle@DESKTOP-8PDMTTS MINGW64 ~/SI_2024_lab1_183065 (master)
$ git add SILab1Main.java
fatal: pathspec 'SILab1Main.java' did not match any files

Pavle@DESKTOP-8PDMTTS MINGW64 ~/SI_2024_lab1_183065 (master)
$ git add SILab1Main.java.txt
warning: in the working copy of 'SILab1Main.java.txt', LF will be replaced by CRLF the next time Git touches it

Pavle@DESKTOP-8PDMTTS MINGW64 ~/SI_2024_lab1_183065 (master)
$ git add SILab1_1.java.txt
warning: in the working copy of 'SILab1_1.java.txt', LF will be replaced by CRLF the next time Git touches it

Pavle@DESKTOP-8PDMTTS MINGW64 ~/SI_2024_lab1_183065 (master)
$ git add SILab1_2.java.txt
warning: in the working copy of 'SILab1_2.java.txt', LF will be replaced by CRLF the next time Git touches it

Pavle@DESKTOP-8PDMTTS MINGW64 ~/SI_2024_lab1_183065 (master)
$ git push origin master
Enumerating objects: 3, done.
Counting objects: 100% (3/3), done.
Writing objects: 100% (3/3), 243 bytes | 243.00 KiB/s, done.
Total 3 (delta 0), reused 0 (delta 0), pack-reused 0 (from 0)
To https://github.com/pavlestojanovski/SI_2024_lab1_183065.git
 * [new branch]      master -> master

Pavle@DESKTOP-8PDMTTS MINGW64 ~/SI_2024_lab1_183065 (master)
$ git add SILab1Main.java.txt

Pavle@DESKTOP-8PDMTTS MINGW64 ~/SI_2024_lab1_183065 (master)
$ git add SILab1_2.java.txt

Pavle@DESKTOP-8PDMTTS MINGW64 ~/SI_2024_lab1_183065 (master)
$ git add SILab1_1.java.txt

Pavle@DESKTOP-8PDMTTS MINGW64 ~/SI_2024_lab1_183065 (master)
$ git commit -m "Add java class"
[master 5b9a11a] Add java class
 3 files changed, 47 insertions(+)
 create mode 100644 SILab1Main.java.txt
 create mode 100644 SILab1_1.java.txt
 create mode 100644 SILab1_2.java.txt

Pavle@DESKTOP-8PDMTTS MINGW64 ~/SI_2024_lab1_183065 (master)
$ git push origin master
Enumerating objects: 6, done.
Counting objects: 100% (6/6), done.
Delta compression using up to 16 threads
Compressing objects: 100% (5/5), done.
Writing objects: 100% (5/5), 946 bytes | 946.00 KiB/s, done.
Total 5 (delta 0), reused 0 (delta 0), pack-reused 0 (from 0)
To https://github.com/pavlestojanovski/SI_2024_lab1_183065.git
   9864cdb..5b9a11a  master -> master

Pavle@DESKTOP-8PDMTTS MINGW64 ~/SI_2024_lab1_183065 (master)
$ git branch
* master

Pavle@DESKTOP-8PDMTTS MINGW64 ~/SI_2024_lab1_183065 (master)
$ git branch bug1

Pavle@DESKTOP-8PDMTTS MINGW64 ~/SI_2024_lab1_183065 (master)
$ git branch bug2

Pavle@DESKTOP-8PDMTTS MINGW64 ~/SI_2024_lab1_183065 (master)
$ git checkout bug1
Switched to branch 'bug1'

Pavle@DESKTOP-8PDMTTS MINGW64 ~/SI_2024_lab1_183065 (bug1)
$ notepad SILab1_1.java

Pavle@DESKTOP-8PDMTTS MINGW64 ~/SI_2024_lab1_183065 (bug1)
$ notepad SILab1_1.java.txt

Pavle@DESKTOP-8PDMTTS MINGW64 ~/SI_2024_lab1_183065 (bug1)
$ git add SILab1_1.java.txt
warning: in the working copy of 'SILab1_1.java.txt', LF will be replaced by CRLF the next time Git touches it

Pavle@DESKTOP-8PDMTTS MINGW64 ~/SI_2024_lab1_183065 (bug1)
$ git commit -m "Fix wrong condition in filterOddLengthStrings"
[bug1 aefe6ca] Fix wrong condition in filterOddLengthStrings
 1 file changed, 1 insertion(+), 1 deletion(-)

Pavle@DESKTOP-8PDMTTS MINGW64 ~/SI_2024_lab1_183065 (bug1)
$ git checkout bug2
Switched to branch 'bug2'

Pavle@DESKTOP-8PDMTTS MINGW64 ~/SI_2024_lab1_183065 (bug2)
$ notepad SILab1_2.java.txt

Pavle@DESKTOP-8PDMTTS MINGW64 ~/SI_2024_lab1_183065 (bug2)
$ git add SILab1_2.java.txt
warning: in the working copy of 'SILab1_2.java.txt', LF will be replaced by CRLF the next time Git touches it

Pavle@DESKTOP-8PDMTTS MINGW64 ~/SI_2024_lab1_183065 (bug2)
$ git commit -m "Fix wrong condition in makeBigStringFrom"
[bug2 9cf322a] Fix wrong condition in makeBigStringFrom
 1 file changed, 1 insertion(+), 1 deletion(-)

Pavle@DESKTOP-8PDMTTS MINGW64 ~/SI_2024_lab1_183065 (bug2)
$ git checkout bug1
Switched to branch 'bug1'

Pavle@DESKTOP-8PDMTTS MINGW64 ~/SI_2024_lab1_183065 (bug1)
$ git notepad SILab1Main.java.txt
git: 'notepad' is not a git command. See 'git --help'.

Pavle@DESKTOP-8PDMTTS MINGW64 ~/SI_2024_lab1_183065 (bug1)
$ notepad SILab1Main.java.txt

Pavle@DESKTOP-8PDMTTS MINGW64 ~/SI_2024_lab1_183065 (bug1)
$ git add SILab1Main.java.txt
warning: in the working copy of 'SILab1Main.java.txt', LF will be replaced by CRLF the next time Git touches it

Pavle@DESKTOP-8PDMTTS MINGW64 ~/SI_2024_lab1_183065 (bug1)
$ git commit -m "Call method filterOddLengthStrings in main class."
[bug1 d5bb285] Call method filterOddLengthStrings in main class.
 1 file changed, 3 insertions(+), 1 deletion(-)

Pavle@DESKTOP-8PDMTTS MINGW64 ~/SI_2024_lab1_183065 (bug1)
$ git checkout bug2
Switched to branch 'bug2'

Pavle@DESKTOP-8PDMTTS MINGW64 ~/SI_2024_lab1_183065 (bug2)
$
\
Pavle@DESKTOP-8PDMTTS MINGW64 ~/SI_2024_lab1_183065 (bug2)
$ notepad SILab1Main.java.txt

Pavle@DESKTOP-8PDMTTS MINGW64 ~/SI_2024_lab1_183065 (bug2)
$ git add SILab1Main.java.txt

Pavle@DESKTOP-8PDMTTS MINGW64 ~/SI_2024_lab1_183065 (bug2)
$ git commit -m "Call method makeBigStringFrom in main class."
[bug2 4678358] Call method makeBigStringFrom in main class.
 1 file changed, 1 insertion(+)

Pavle@DESKTOP-8PDMTTS MINGW64 ~/SI_2024_lab1_183065 (bug2)
$ ^C

Pavle@DESKTOP-8PDMTTS MINGW64 ~/SI_2024_lab1_183065 (bug2)
$ git checkout bug1
Switched to branch 'bug1'

Pavle@DESKTOP-8PDMTTS MINGW64 ~/SI_2024_lab1_183065 (bug1)
$ notepad SILab1Main.java.txt

Pavle@DESKTOP-8PDMTTS MINGW64 ~/SI_2024_lab1_183065 (bug1)
$ git push origin bug1
Enumerating objects: 9, done.
Counting objects: 100% (9/9), done.
Delta compression using up to 16 threads
Compressing objects: 100% (6/6), done.
Writing objects: 100% (6/6), 747 bytes | 747.00 KiB/s, done.
Total 6 (delta 3), reused 0 (delta 0), pack-reused 0 (from 0)
remote: Resolving deltas: 100% (3/3), completed with 2 local objects.
remote:
remote: Create a pull request for 'bug1' on GitHub by visiting:
remote:      https://github.com/pavlestojanovski/SI_2024_lab1_183065/pull/new/bug1
remote:
To https://github.com/pavlestojanovski/SI_2024_lab1_183065.git
 * [new branch]      bug1 -> bug1

Pavle@DESKTOP-8PDMTTS MINGW64 ~/SI_2024_lab1_183065 (bug1)
$ git checkout bug 2
error: pathspec 'bug' did not match any file(s) known to git
error: pathspec '2' did not match any file(s) known to git

Pavle@DESKTOP-8PDMTTS MINGW64 ~/SI_2024_lab1_183065 (bug1)
$ git checkout bug2
Switched to branch 'bug2'

Pavle@DESKTOP-8PDMTTS MINGW64 ~/SI_2024_lab1_183065 (bug2)
$ git push origin bug2
Enumerating objects: 9, done.
Counting objects: 100% (9/9), done.
Delta compression using up to 16 threads
Compressing objects: 100% (6/6), done.
Writing objects: 100% (6/6), 688 bytes | 688.00 KiB/s, done.
Total 6 (delta 4), reused 0 (delta 0), pack-reused 0 (from 0)
remote: Resolving deltas: 100% (4/4), completed with 3 local objects.
remote:
remote: Create a pull request for 'bug2' on GitHub by visiting:
remote:      https://github.com/pavlestojanovski/SI_2024_lab1_183065/pull/new/bug2
remote:
To https://github.com/pavlestojanovski/SI_2024_lab1_183065.git
 * [new branch]      bug2 -> bug2

Pavle@DESKTOP-8PDMTTS MINGW64 ~/SI_2024_lab1_183065 (bug2)
$ git checkout master
Switched to branch 'master'

Pavle@DESKTOP-8PDMTTS MINGW64 ~/SI_2024_lab1_183065 (master)
$ git merge bug1
Updating 5b9a11a..d5bb285
Fast-forward
 SILab1Main.java.txt | 4 +++-
 SILab1_1.java.txt   | 2 +-
 2 files changed, 4 insertions(+), 2 deletions(-)

Pavle@DESKTOP-8PDMTTS MINGW64 ~/SI_2024_lab1_183065 (master)
$ git push origin master
Total 0 (delta 0), reused 0 (delta 0), pack-reused 0 (from 0)
To https://github.com/pavlestojanovski/SI_2024_lab1_183065.git
   5b9a11a..d5bb285  master -> master

Pavle@DESKTOP-8PDMTTS MINGW64 ~/SI_2024_lab1_183065 (master)
$ git checkout bug2
Switched to branch 'bug2'

Pavle@DESKTOP-8PDMTTS MINGW64 ~/SI_2024_lab1_183065 (bug2)
$ git rebase master
Auto-merging SILab1Main.java.txt
CONFLICT (content): Merge conflict in SILab1Main.java.txt
error: could not apply 4678358... Call method makeBigStringFrom in main class.
hint: Resolve all conflicts manually, mark them as resolved with
hint: "git add/rm <conflicted_files>", then run "git rebase --continue".
hint: You can instead skip this commit: run "git rebase --skip".
hint: To abort and get back to the state before "git rebase", run "git rebase --abort".
Could not apply 4678358... Call method makeBigStringFrom in main class.

Pavle@DESKTOP-8PDMTTS MINGW64 ~/SI_2024_lab1_183065 (bug2|REBASE 2/2)
$ notepad SILab1Main.java.txt

Pavle@DESKTOP-8PDMTTS MINGW64 ~/SI_2024_lab1_183065 (bug2|REBASE 2/2)
$ ^C

Pavle@DESKTOP-8PDMTTS MINGW64 ~/SI_2024_lab1_183065 (bug2|REBASE 2/2)
$ notepad SILab1Main.java.txt

Pavle@DESKTOP-8PDMTTS MINGW64 ~/SI_2024_lab1_183065 (bug2|REBASE 2/2)
$ git add SILab1Main.java.txt

Pavle@DESKTOP-8PDMTTS MINGW64 ~/SI_2024_lab1_183065 (bug2|REBASE 2/2)
$ git rebase --continue
[detached HEAD 8f01883] Call method makeBigStringFrom in main class. Resolved conflict
 1 file changed, 6 insertions(+), 2 deletions(-)
Successfully rebased and updated refs/heads/bug2.

Pavle@DESKTOP-8PDMTTS MINGW64 ~/SI_2024_lab1_183065 (bug2)
$ git checkout master
Switched to branch 'master'

Pavle@DESKTOP-8PDMTTS MINGW64 ~/SI_2024_lab1_183065 (master)
$ git merge bug2
Updating d5bb285..8f01883
Fast-forward
 SILab1Main.java.txt | 8 ++++++--
 SILab1_2.java.txt   | 2 +-
 2 files changed, 7 insertions(+), 3 deletions(-)

Pavle@DESKTOP-8PDMTTS MINGW64 ~/SI_2024_lab1_183065 (master)
$ git push origin master
Enumerating objects: 9, done.
Counting objects: 100% (9/9), done.
Delta compression using up to 16 threads
Compressing objects: 100% (6/6), done.
Writing objects: 100% (6/6), 793 bytes | 793.00 KiB/s, done.
Total 6 (delta 4), reused 0 (delta 0), pack-reused 0 (from 0)
remote: Resolving deltas: 100% (4/4), completed with 3 local objects.
To https://github.com/pavlestojanovski/SI_2024_lab1_183065.git
   d5bb285..8f01883  master -> master

Pavle@DESKTOP-8PDMTTS MINGW64 ~/SI_2024_lab1_183065 (master)
$ git checkout bug1
Switched to branch 'bug1'

Pavle@DESKTOP-8PDMTTS MINGW64 ~/SI_2024_lab1_183065 (bug1)
$ git push origin bug1
Everything up-to-date

Pavle@DESKTOP-8PDMTTS MINGW64 ~/SI_2024_lab1_183065 (bug1)
$ git checkout bug2
Switched to branch 'bug2'

Pavle@DESKTOP-8PDMTTS MINGW64 ~/SI_2024_lab1_183065 (bug2)
$ git push origin bug2 --force
Total 0 (delta 0), reused 0 (delta 0), pack-reused 0 (from 0)
To https://github.com/pavlestojanovski/SI_2024_lab1_183065.git
 + 4678358...8f01883 bug2 -> bug2 (forced update)

